../Core/Src/stm32f1xx_hal_msp.c:65:6:HAL_MspInit	8	static
../Core/Src/stm32f1xx_hal_msp.c:91:6:HAL_ADC_MspInit	32	static
../Core/Src/stm32f1xx_hal_msp.c:123:6:HAL_ADC_MspDeInit	0	static
../Core/Src/stm32f1xx_hal_msp.c:151:6:HAL_CAN_MspInit	32	static
../Core/Src/stm32f1xx_hal_msp.c:192:6:HAL_CAN_MspDeInit	0	static
../Core/Src/stm32f1xx_hal_msp.c:221:6:HAL_RTC_MspInit	16	static
../Core/Src/stm32f1xx_hal_msp.c:246:6:HAL_RTC_MspDeInit	0	static
../Core/Src/stm32f1xx_hal_msp.c:268:6:HAL_SPI_MspInit	32	static
../Core/Src/stm32f1xx_hal_msp.c:303:6:HAL_SPI_MspDeInit	0	static
../Core/Src/stm32f1xx_hal_msp.c:333:6:HAL_TIM_PWM_MspInit	8	static
../Core/Src/stm32f1xx_hal_msp.c:349:6:HAL_TIM_MspPostInit	32	static
../Core/Src/stm32f1xx_hal_msp.c:379:6:HAL_TIM_PWM_MspDeInit	0	static
../Core/Src/stm32f1xx_hal_msp.c:401:6:HAL_PCD_MspInit	8	static
../Core/Src/stm32f1xx_hal_msp.c:423:6:HAL_PCD_MspDeInit	0	static
