../Core/Src/stm32f1xx_hal_msp.c:66:6:HAL_MspInit	8	static
../Core/Src/stm32f1xx_hal_msp.c:92:6:HAL_ADC_MspInit	48	static
../Core/Src/stm32f1xx_hal_msp.c:148:6:HAL_ADC_MspDeInit	8	static
../Core/Src/stm32f1xx_hal_msp.c:182:6:HAL_RTC_MspInit	16	static
../Core/Src/stm32f1xx_hal_msp.c:207:6:HAL_RTC_MspDeInit	0	static
../Core/Src/stm32f1xx_hal_msp.c:229:6:HAL_SPI_MspInit	56	static
../Core/Src/stm32f1xx_hal_msp.c:293:6:HAL_SPI_MspDeInit	0	static
../Core/Src/stm32f1xx_hal_msp.c:343:6:HAL_TIM_PWM_MspInit	8	static
../Core/Src/stm32f1xx_hal_msp.c:359:6:HAL_TIM_MspPostInit	40	static
../Core/Src/stm32f1xx_hal_msp.c:389:6:HAL_TIM_PWM_MspDeInit	0	static
../Core/Src/stm32f1xx_hal_msp.c:411:6:HAL_UART_MspInit	48	static
../Core/Src/stm32f1xx_hal_msp.c:483:6:HAL_UART_MspDeInit	8	static
