../Drivers/CMSIS/Include/core_cm3.h:1876:26:ITM_SendChar	16	static,ignoring_inline_asm
../Core/Src/main.c:75:5:_write	32	static
../Core/Src/main.c:89:5:main	80	static
../Core/Src/main.c:163:6:SystemClock_Config	88	static
../Core/Src/main.c:214:13:MX_ADC1_Init	24	static
../Core/Src/main.c:261:13:MX_CAN_Init	8	static
../Core/Src/main.c:298:13:MX_RTC_Init	16	static
../Core/Src/main.c:356:13:MX_SPI2_Init	8	static
../Core/Src/main.c:394:13:MX_TIM1_Init	80	static
../Core/Src/main.c:459:13:MX_USB_PCD_Init	8	static
../Core/Src/main.c:490:13:MX_GPIO_Init	40	static
../Core/Src/main.c:530:6:Error_Handler	4	static,ignoring_inline_asm
