../Core/Src/main.c:80:5:main	16	static
../Core/Src/main.c:141:6:SystemClock_Config	88	static
../Core/Src/main.c:192:13:MX_ADC1_Init	24	static
../Core/Src/main.c:239:13:MX_CAN_Init	8	static
../Core/Src/main.c:276:13:MX_RTC_Init	16	static
../Core/Src/main.c:334:13:MX_SPI2_Init	8	static
../Core/Src/main.c:372:13:MX_TIM1_Init	80	static
../Core/Src/main.c:437:13:MX_USB_PCD_Init	8	static
../Core/Src/main.c:468:13:MX_GPIO_Init	40	static
../Core/Src/main.c:508:6:Error_Handler	4	static,ignoring_inline_asm
